Using pre-set license
Built from '6000.1/staging' branch; Version is '6000.1.0f1 (9ea152932a88) revision 10395986'; Using compiler version '194234433'; Build Type 'Release'
OS: 'Windows 10  (10.0.19045) 64bit Professional' Language: 'it' Physical Memory: 8071 MB
BatchMode: 1, IsHumanControllingUs: 0, StartBugReporterOnCrash: 0, Is64bit: 1, IsPro: 1
Date: 2025-05-03T05:02:07Z

COMMAND LINE ARGUMENTS:
C:\Program Files\Unity\Hub\Editor\6000.1.0f1\Editor\Unity.exe
-adb2
-batchMode
-noUpm
-name
AssetImportWorker0
-projectPath
C:/Users/minos/Desktop/Unity/Games/ChessFight
-logFile
Logs/AssetImportWorker0.log
-srvPort
55518
-job-worker-count
3
-background-job-worker-count
8
-gc-helper-count
1
-name
AssetImport
Successfully changed project path to: C:/Users/minos/Desktop/Unity/Games/ChessFight
C:/Users/minos/Desktop/Unity/Games/ChessFight
[UnityMemory] Configuration Parameters - Can be set up in boot.config
    "memorysetup-allocator-temp-initial-block-size-main=262144"
    "memorysetup-allocator-temp-initial-block-size-worker=262144"
    "memorysetup-bucket-allocator-granularity=16"
    "memorysetup-bucket-allocator-bucket-count=8"
    "memorysetup-bucket-allocator-block-size=33554432"
    "memorysetup-bucket-allocator-block-count=8"
    "memorysetup-main-allocator-block-size=16777216"
    "memorysetup-thread-allocator-block-size=16777216"
    "memorysetup-gfx-main-allocator-block-size=16777216"
    "memorysetup-gfx-thread-allocator-block-size=16777216"
    "memorysetup-cache-allocator-block-size=4194304"
    "memorysetup-typetree-allocator-block-size=2097152"
    "memorysetup-profiler-bucket-allocator-granularity=16"
    "memorysetup-profiler-bucket-allocator-bucket-count=8"
    "memorysetup-profiler-bucket-allocator-block-size=33554432"
    "memorysetup-profiler-bucket-allocator-block-count=8"
    "memorysetup-profiler-allocator-block-size=16777216"
    "memorysetup-profiler-editor-allocator-block-size=1048576"
    "memorysetup-temp-allocator-size-main=16777216"
    "memorysetup-job-temp-allocator-block-size=2097152"
    "memorysetup-job-temp-allocator-block-size-background=1048576"
    "memorysetup-job-temp-allocator-reduction-small-platforms=262144"
    "memorysetup-temp-allocator-size-background-worker=32768"
    "memorysetup-temp-allocator-size-job-worker=262144"
    "memorysetup-temp-allocator-size-preload-manager=33554432"
    "memorysetup-temp-allocator-size-nav-mesh-worker=65536"
    "memorysetup-temp-allocator-size-audio-worker=65536"
    "memorysetup-temp-allocator-size-cloud-worker=32768"
    "memorysetup-temp-allocator-size-gi-baking-worker=262144"
    "memorysetup-temp-allocator-size-gi-baking-worker=262144"
    "memorysetup-temp-allocator-size-gi-baking-worker=262144"
    "memorysetup-temp-allocator-size-gi-baking-worker=262144"
    "memorysetup-temp-allocator-size-gi-baking-worker=262144"
    "memorysetup-temp-allocator-size-gfx=262144"
Player connection [4368]  Target information:

Player connection [4368]  * "[IP] 192.168.1.7 [Port] 0 [Flags] 2 [Guid] 1933080615 [EditorId] 1933080615 [Version] 1048832 [Id] WindowsEditor(7,DESKTOP-4B6PCQP) [Debug] 1 [PackageName] WindowsEditor [ProjectName] Editor" 

Player connection [4368] Host joined multi-casting on [225.0.0.222:54997]...
Player connection [4368] Host joined alternative multi-casting on [225.0.0.222:34997]...
JobSystem: Creating JobQueue using job-worker-count value 3
Input System module state changed to: Initialized.
[Physics::Module] Initialized fallback backend.
[Physics::Module] Id: 0xdecafbad
Library Redirect Path: Library/
[Physics::Module] Selected backend.
[Physics::Module] Name: PhysX
[Physics::Module] Id: 0xf2b8ea05
[Physics::Module] SDK Version: 4.1.2
[Physics::Module] Integration Version: 1.0.0
[Physics::Module] Threading Mode: Multi-Threaded
Refreshing native plugins compatible for Editor in 4.21 ms, found 3 plugins.
Preloading 0 native plugins for Editor in 0.00 ms.
Initialize engine version: 6000.1.0f1 (9ea152932a88)
[Subsystems] Discovering subsystems at path C:/Program Files/Unity/Hub/Editor/6000.1.0f1/Editor/Data/Resources/UnitySubsystems
[Subsystems] Discovering subsystems at path C:/Users/minos/Desktop/Unity/Games/ChessFight/Assets
GfxDevice: creating device client; kGfxThreadingModeNonThreaded
Direct3D:
    Version:         Direct3D 12 [level 11.0]
    Renderer:        NVIDIA GeForce GTX 850M (ID=0x1391)
    Vendor:          NVIDIA
    VRAM:            4065 MB
    App VRAM Budget: 3455 MB
    Driver:          23.21.13.8857
Shader Hidden/ProbeVolume/VoxelizeScene is not supported: GPU does not support conservative rasterization
Initialize mono
Mono path[0] = 'C:/Program Files/Unity/Hub/Editor/6000.1.0f1/Editor/Data/Managed'
Mono path[1] = 'C:/Program Files/Unity/Hub/Editor/6000.1.0f1/Editor/Data/MonoBleedingEdge/lib/mono/unityjit-win32'
Mono config path = 'C:/Program Files/Unity/Hub/Editor/6000.1.0f1/Editor/Data/MonoBleedingEdge/etc'
Using monoOptions --debugger-agent=transport=dt_socket,embedding=1,server=y,suspend=n,address=127.0.0.1:56112
Begin MonoManager ReloadAssembly
Registering precompiled unity dll's ...
Register platform support module: C:/Program Files/Unity/Hub/Editor/6000.1.0f1/Editor/Data/PlaybackEngines/WebGLSupport/UnityEditor.WebGL.Extensions.dll
Register platform support module: C:/Program Files/Unity/Hub/Editor/6000.1.0f1/Editor/Data/PlaybackEngines/WindowsStandaloneSupport/UnityEditor.WindowsStandalone.Extensions.dll
Registered in 0.005237 seconds.
- Loaded All Assemblies, in  0.849 seconds
Native extension for WindowsStandalone target not found
Native extension for WebGL target not found
Mono: successfully reloaded assembly
- Finished resetting the current domain, in  0.597 seconds
Domain Reload Profiling: 1443ms
	BeginReloadAssembly (281ms)
		ExecutionOrderSort (0ms)
		DisableScriptedObjects (0ms)
		BackupInstance (0ms)
		ReleaseScriptingObjects (0ms)
		CreateAndSetChildDomain (1ms)
	RebuildCommonClasses (68ms)
	RebuildNativeTypeToScriptingClass (20ms)
	initialDomainReloadingComplete (90ms)
	LoadAllAssembliesAndSetupDomain (386ms)
		LoadAssemblies (277ms)
		RebuildTransferFunctionScriptingTraits (0ms)
		AnalyzeDomain (380ms)
			TypeCache.Refresh (377ms)
				TypeCache.ScanAssembly (327ms)
			BuildScriptInfoCaches (0ms)
			ResolveRequiredComponents (1ms)
	FinalizeReload (597ms)
		ReleaseScriptCaches (0ms)
		RebuildScriptCaches (0ms)
		SetupLoadedEditorAssemblies (513ms)
			LogAssemblyErrors (0ms)
			InitializePlatformSupportModulesInManaged (95ms)
			SetLoadedEditorAssemblies (10ms)
			BeforeProcessingInitializeOnLoad (95ms)
			ProcessInitializeOnLoadAttributes (201ms)
			ProcessInitializeOnLoadMethodAttributes (111ms)
			AfterProcessingInitializeOnLoad (0ms)
			EditorAssembliesLoaded (0ms)
		ExecutionOrderSort2 (0ms)
		AwakeInstancesAfterBackupRestoration (0ms)
========================================================================
Worker process is ready to serve import requests
Import Worker Mode flag is 0x00
Begin MonoManager ReloadAssembly
- Loaded All Assemblies, in  1.512 seconds
Refreshing native plugins compatible for Editor in 1.45 ms, found 3 plugins.
Native extension for WindowsStandalone target not found
Native extension for WebGL target not found
Mono: successfully reloaded assembly
- Finished resetting the current domain, in  1.464 seconds
Domain Reload Profiling: 2967ms
	BeginReloadAssembly (297ms)
		ExecutionOrderSort (0ms)
		DisableScriptedObjects (11ms)
		BackupInstance (0ms)
		ReleaseScriptingObjects (0ms)
		CreateAndSetChildDomain (56ms)
	RebuildCommonClasses (69ms)
	RebuildNativeTypeToScriptingClass (21ms)
	initialDomainReloadingComplete (71ms)
	LoadAllAssembliesAndSetupDomain (1044ms)
		LoadAssemblies (738ms)
		RebuildTransferFunctionScriptingTraits (0ms)
		AnalyzeDomain (479ms)
			TypeCache.Refresh (366ms)
				TypeCache.ScanAssembly (332ms)
			BuildScriptInfoCaches (89ms)
			ResolveRequiredComponents (20ms)
	FinalizeReload (1465ms)
		ReleaseScriptCaches (0ms)
		RebuildScriptCaches (0ms)
		SetupLoadedEditorAssemblies (1131ms)
			LogAssemblyErrors (0ms)
			InitializePlatformSupportModulesInManaged (5ms)
			SetLoadedEditorAssemblies (10ms)
			BeforeProcessingInitializeOnLoad (329ms)
			ProcessInitializeOnLoadAttributes (689ms)
			ProcessInitializeOnLoadMethodAttributes (90ms)
			AfterProcessingInitializeOnLoad (8ms)
			EditorAssembliesLoaded (0ms)
		ExecutionOrderSort2 (0ms)
		AwakeInstancesAfterBackupRestoration (8ms)
Shader Hidden/ProbeVolume/VoxelizeScene is not supported: GPU does not support conservative rasterization
Launched and connected shader compiler UnityShaderCompiler.exe after 0.01 seconds
Refreshing native plugins compatible for Editor in 1.35 ms, found 3 plugins.
Preloading 0 native plugins for Editor in 0.00 ms.
Unloading 216 Unused Serialized files (Serialized files now loaded: 0)
Unloading 5965 unused Assets / (4.3 MB). Loaded Objects now: 6694.
Memory consumption went from 170.6 MB to 166.3 MB.
Total: 11.687500 ms (FindLiveObjects: 0.958000 ms CreateObjectMapping: 0.890400 ms MarkObjects: 6.588100 ms  DeleteObjects: 3.249300 ms)

========================================================================
Received Import Request.
  Time since last request: 66815.482713 seconds.
  path: Assets/Prefabs/Rook.prefab
  artifactKey: Guid(de61968c606831c4093c4bd10001c3ad) Importer(815301076,1909f56bfc062723c751e8b465ee728b)
Start importing Assets/Prefabs/Rook.prefab using Guid(de61968c606831c4093c4bd10001c3ad) Importer(815301076,1909f56bfc062723c751e8b465ee728b) (PreviewImporter) -> (artifact id: '58bade9c28410d85939001a726a8fe8b') in 0.8737495 seconds
Number of updated asset objects reloaded before import = 0Number of asset objects unloaded after import = 15

========================================================================
Received Import Request.
  Time since last request: 112.603564 seconds.
  path: Assets/Chess MEGA-pack/prefabs/pieces/HighPoly/bishopHighPoly.prefab
  artifactKey: Guid(5b9ead6bcaab3f149996256ff6fa5baf) Importer(815301076,1909f56bfc062723c751e8b465ee728b)
Start importing Assets/Chess MEGA-pack/prefabs/pieces/HighPoly/bishopHighPoly.prefab using Guid(5b9ead6bcaab3f149996256ff6fa5baf) Importer(815301076,1909f56bfc062723c751e8b465ee728b) (PreviewImporter) -> (artifact id: '2fc4bbccdf681d47a4a7632d775990d3') in 0.1285342 seconds
Number of updated asset objects reloaded before import = 0Number of asset objects unloaded after import = 13

========================================================================
Received Import Request.
  Time since last request: 21.973227 seconds.
  path: Assets/Prefabs/bishopHighPoly.prefab
  artifactKey: Guid(dd9baf4e375033b46af4f8d2be0f0b96) Importer(815301076,1909f56bfc062723c751e8b465ee728b)
Start importing Assets/Prefabs/bishopHighPoly.prefab using Guid(dd9baf4e375033b46af4f8d2be0f0b96) Importer(815301076,1909f56bfc062723c751e8b465ee728b) (PreviewImporter) -> (artifact id: '67159b14f1a7f4ab8f0524128d8e13bf') in 0.0884174 seconds
Number of updated asset objects reloaded before import = 0Number of asset objects unloaded after import = 13

========================================================================
Received Import Request.
  Time since last request: 4.169231 seconds.
  path: Assets/Prefabs/Bishop.prefab
  artifactKey: Guid(dd9baf4e375033b46af4f8d2be0f0b96) Importer(815301076,1909f56bfc062723c751e8b465ee728b)
Start importing Assets/Prefabs/Bishop.prefab using Guid(dd9baf4e375033b46af4f8d2be0f0b96) Importer(815301076,1909f56bfc062723c751e8b465ee728b) (PreviewImporter) -> (artifact id: '117c887fee57f556a3c2e2d5444a4309') in 0.0962496 seconds
Number of updated asset objects reloaded before import = 0Number of asset objects unloaded after import = 13

========================================================================
Received Import Request.
  Time since last request: 0.693826 seconds.
  path: Assets/Prefabs/knightHighPoly.prefab
  artifactKey: Guid(7ae88f126154cd54982e880bf1fe0037) Importer(815301076,1909f56bfc062723c751e8b465ee728b)
Start importing Assets/Prefabs/knightHighPoly.prefab using Guid(7ae88f126154cd54982e880bf1fe0037) Importer(815301076,1909f56bfc062723c751e8b465ee728b) (PreviewImporter) -> (artifact id: '4c65bc42652dae27f8fa529996e3f689') in 0.1091492 seconds
Number of updated asset objects reloaded before import = 0Number of asset objects unloaded after import = 13

========================================================================
Received Import Request.
  Time since last request: 0.410035 seconds.
  path: Assets/Prefabs/KingHighPoly.prefab
  artifactKey: Guid(b27f5b4070df6b940a3dd699025ff762) Importer(815301076,1909f56bfc062723c751e8b465ee728b)
Start importing Assets/Prefabs/KingHighPoly.prefab using Guid(b27f5b4070df6b940a3dd699025ff762) Importer(815301076,1909f56bfc062723c751e8b465ee728b) (PreviewImporter) -> (artifact id: '11a6bf9b8f646515a07e164ced003492') in 0.1131113 seconds
Number of updated asset objects reloaded before import = 0Number of asset objects unloaded after import = 13

========================================================================
Received Import Request.
  Time since last request: 4.262603 seconds.
  path: Assets/Prefabs/King.prefab
  artifactKey: Guid(b27f5b4070df6b940a3dd699025ff762) Importer(815301076,1909f56bfc062723c751e8b465ee728b)
Start importing Assets/Prefabs/King.prefab using Guid(b27f5b4070df6b940a3dd699025ff762) Importer(815301076,1909f56bfc062723c751e8b465ee728b) (PreviewImporter) -> (artifact id: '6efc9dd1a8657bcf0124791ec118daa8') in 0.0896407 seconds
Number of updated asset objects reloaded before import = 0Number of asset objects unloaded after import = 13

========================================================================
Received Import Request.
  Time since last request: 4.531835 seconds.
  path: Assets/Prefabs/Knight.prefab
  artifactKey: Guid(7ae88f126154cd54982e880bf1fe0037) Importer(815301076,1909f56bfc062723c751e8b465ee728b)
Start importing Assets/Prefabs/Knight.prefab using Guid(7ae88f126154cd54982e880bf1fe0037) Importer(815301076,1909f56bfc062723c751e8b465ee728b) (PreviewImporter) -> (artifact id: '0c38b3c4628e9b17c763c10aafa2293f') in 0.0438588 seconds
Number of updated asset objects reloaded before import = 0Number of asset objects unloaded after import = 13

========================================================================
Received Import Request.
  Time since last request: 0.474844 seconds.
  path: Assets/Prefabs/pawnHighPoly.prefab
  artifactKey: Guid(dd72c05f8581a4a44a3511711069749a) Importer(815301076,1909f56bfc062723c751e8b465ee728b)
Start importing Assets/Prefabs/pawnHighPoly.prefab using Guid(dd72c05f8581a4a44a3511711069749a) Importer(815301076,1909f56bfc062723c751e8b465ee728b) (PreviewImporter) -> (artifact id: 'c27f4cffb040058f3ea9314b6a6ac071') in 0.1142767 seconds
Number of updated asset objects reloaded before import = 0Number of asset objects unloaded after import = 13

========================================================================
Received Import Request.
  Time since last request: 4.053228 seconds.
  path: Assets/Prefabs/Pawn.prefab
  artifactKey: Guid(dd72c05f8581a4a44a3511711069749a) Importer(815301076,1909f56bfc062723c751e8b465ee728b)
Start importing Assets/Prefabs/Pawn.prefab using Guid(dd72c05f8581a4a44a3511711069749a) Importer(815301076,1909f56bfc062723c751e8b465ee728b) (PreviewImporter) -> (artifact id: 'b088217f86ddcf6f79acd94fc16cb1a9') in 0.0398089 seconds
Number of updated asset objects reloaded before import = 0Number of asset objects unloaded after import = 13

========================================================================
Received Import Request.
  Time since last request: 1.271137 seconds.
  path: Assets/Prefabs/queenHighPoly.prefab
  artifactKey: Guid(f1223f6d961c2f5439d878978f56a29d) Importer(815301076,1909f56bfc062723c751e8b465ee728b)
Start importing Assets/Prefabs/queenHighPoly.prefab using Guid(f1223f6d961c2f5439d878978f56a29d) Importer(815301076,1909f56bfc062723c751e8b465ee728b) (PreviewImporter) -> (artifact id: 'c641cc6e6a5def4aadff7ea75acc3649') in 0.1132532 seconds
Number of updated asset objects reloaded before import = 0Number of asset objects unloaded after import = 13

========================================================================
Received Import Request.
  Time since last request: 3.847306 seconds.
  path: Assets/Prefabs/Queen.prefab
  artifactKey: Guid(f1223f6d961c2f5439d878978f56a29d) Importer(815301076,1909f56bfc062723c751e8b465ee728b)
Start importing Assets/Prefabs/Queen.prefab using Guid(f1223f6d961c2f5439d878978f56a29d) Importer(815301076,1909f56bfc062723c751e8b465ee728b) (PreviewImporter) -> (artifact id: '742d59b8e6221f5b62719ee2962448a3') in 0.089285 seconds
Number of updated asset objects reloaded before import = 0Number of asset objects unloaded after import = 13

========================================================================
Received Import Request.
  Time since last request: 0.560074 seconds.
  path: Assets/Prefabs/rookHighPoly.prefab
  artifactKey: Guid(95bac86de30b1d845b5448c00e7cf3b3) Importer(815301076,1909f56bfc062723c751e8b465ee728b)
Start importing Assets/Prefabs/rookHighPoly.prefab using Guid(95bac86de30b1d845b5448c00e7cf3b3) Importer(815301076,1909f56bfc062723c751e8b465ee728b) (PreviewImporter) -> (artifact id: 'b802bb624d57d43b29412d0eb1717c4f') in 0.1285645 seconds
Number of updated asset objects reloaded before import = 0Number of asset objects unloaded after import = 13

========================================================================
Received Import Request.
  Time since last request: 2.604344 seconds.
  path: Assets/Prefabs/Rook.prefab
  artifactKey: Guid(95bac86de30b1d845b5448c00e7cf3b3) Importer(815301076,1909f56bfc062723c751e8b465ee728b)
Start importing Assets/Prefabs/Rook.prefab using Guid(95bac86de30b1d845b5448c00e7cf3b3) Importer(815301076,1909f56bfc062723c751e8b465ee728b) (PreviewImporter) -> (artifact id: '847f889023c86b8c2cfbe1c12bd8292f') in 0.0932705 seconds
Number of updated asset objects reloaded before import = 0Number of asset objects unloaded after import = 13

========================================================================
Received Import Request.
  Time since last request: 19.613760 seconds.
  path: Assets/Prefabs/Bishop.prefab
  artifactKey: Guid(dd9baf4e375033b46af4f8d2be0f0b96) Importer(815301076,1909f56bfc062723c751e8b465ee728b)
Start importing Assets/Prefabs/Bishop.prefab using Guid(dd9baf4e375033b46af4f8d2be0f0b96) Importer(815301076,1909f56bfc062723c751e8b465ee728b) (PreviewImporter) -> (artifact id: '72ab463a990454993c4c81b745ae5de5') in 0.041291 seconds
Number of updated asset objects reloaded before import = 0Number of asset objects unloaded after import = 14

========================================================================
Received Import Request.
  Time since last request: 11.207226 seconds.
  path: Assets/Prefabs/Bishop.prefab
  artifactKey: Guid(dd9baf4e375033b46af4f8d2be0f0b96) Importer(815301076,1909f56bfc062723c751e8b465ee728b)
Start importing Assets/Prefabs/Bishop.prefab using Guid(dd9baf4e375033b46af4f8d2be0f0b96) Importer(815301076,1909f56bfc062723c751e8b465ee728b) (PreviewImporter) -> (artifact id: '463a0309e71de5b767f2e280e3492956') in 0.0388554 seconds
Number of updated asset objects reloaded before import = 0Number of asset objects unloaded after import = 13

========================================================================
Received Import Request.
  Time since last request: 4.172865 seconds.
  path: Assets/Prefabs/Bishop.prefab
  artifactKey: Guid(dd9baf4e375033b46af4f8d2be0f0b96) Importer(815301076,1909f56bfc062723c751e8b465ee728b)
Start importing Assets/Prefabs/Bishop.prefab using Guid(dd9baf4e375033b46af4f8d2be0f0b96) Importer(815301076,1909f56bfc062723c751e8b465ee728b) (PreviewImporter) -> (artifact id: 'd6f97d08f4eb3b185c19c225768d8c2c') in 0.0392326 seconds
Number of updated asset objects reloaded before import = 0Number of asset objects unloaded after import = 14

========================================================================
Received Import Request.
  Time since last request: 5.411007 seconds.
  path: Assets/Prefabs/King.prefab
  artifactKey: Guid(b27f5b4070df6b940a3dd699025ff762) Importer(815301076,1909f56bfc062723c751e8b465ee728b)
Start importing Assets/Prefabs/King.prefab using Guid(b27f5b4070df6b940a3dd699025ff762) Importer(815301076,1909f56bfc062723c751e8b465ee728b) (PreviewImporter) -> (artifact id: '3568989df5be15acff1a18b43d0fb0a7') in 0.045326 seconds
Number of updated asset objects reloaded before import = 0Number of asset objects unloaded after import = 14

========================================================================
Received Import Request.
  Time since last request: 5.296637 seconds.
  path: Assets/Prefabs/Knight.prefab
  artifactKey: Guid(7ae88f126154cd54982e880bf1fe0037) Importer(815301076,1909f56bfc062723c751e8b465ee728b)
Start importing Assets/Prefabs/Knight.prefab using Guid(7ae88f126154cd54982e880bf1fe0037) Importer(815301076,1909f56bfc062723c751e8b465ee728b) (PreviewImporter) -> (artifact id: '28599152cd54ed244098d57cd563b608') in 0.0358073 seconds
Number of updated asset objects reloaded before import = 0Number of asset objects unloaded after import = 14

========================================================================
Received Import Request.
  Time since last request: 8.965502 seconds.
  path: Assets/Prefabs/Pawn.prefab
  artifactKey: Guid(dd72c05f8581a4a44a3511711069749a) Importer(815301076,1909f56bfc062723c751e8b465ee728b)
Start importing Assets/Prefabs/Pawn.prefab using Guid(dd72c05f8581a4a44a3511711069749a) Importer(815301076,1909f56bfc062723c751e8b465ee728b) (PreviewImporter) -> (artifact id: '1c8298ffb252cc2c8ff0f368a186ea54') in 0.037911 seconds
Number of updated asset objects reloaded before import = 0Number of asset objects unloaded after import = 14

========================================================================
Received Import Request.
  Time since last request: 5.546234 seconds.
  path: Assets/Prefabs/Queen.prefab
  artifactKey: Guid(f1223f6d961c2f5439d878978f56a29d) Importer(815301076,1909f56bfc062723c751e8b465ee728b)
Start importing Assets/Prefabs/Queen.prefab using Guid(f1223f6d961c2f5439d878978f56a29d) Importer(815301076,1909f56bfc062723c751e8b465ee728b) (PreviewImporter) -> (artifact id: 'aa0e2621f5c97a12d197ca1454c697c5') in 0.044963 seconds
Number of updated asset objects reloaded before import = 0Number of asset objects unloaded after import = 14

========================================================================
Received Import Request.
  Time since last request: 12.446191 seconds.
  path: Assets/Prefabs/Rook.prefab
  artifactKey: Guid(95bac86de30b1d845b5448c00e7cf3b3) Importer(815301076,1909f56bfc062723c751e8b465ee728b)
Start importing Assets/Prefabs/Rook.prefab using Guid(95bac86de30b1d845b5448c00e7cf3b3) Importer(815301076,1909f56bfc062723c751e8b465ee728b) (PreviewImporter) -> (artifact id: '7e2418682c6ec02cdec45f4d94581124') in 0.0428417 seconds
Number of updated asset objects reloaded before import = 0Number of asset objects unloaded after import = 14

========================================================================
Received Import Request.
  Time since last request: 14.046397 seconds.
  path: Assets/Chess MEGA-pack/prefabs/pieces/HighPoly/rookHighPoly 1.prefab
  artifactKey: Guid(97fa84f424e9a864d8dab017d80f1be3) Importer(815301076,1909f56bfc062723c751e8b465ee728b)
Start importing Assets/Chess MEGA-pack/prefabs/pieces/HighPoly/rookHighPoly 1.prefab using Guid(97fa84f424e9a864d8dab017d80f1be3) Importer(815301076,1909f56bfc062723c751e8b465ee728b) (PreviewImporter) -> (artifact id: 'a9378cd923ca95bafe56679c2fcd94a7') in 0.1190185 seconds
Number of updated asset objects reloaded before import = 0Number of asset objects unloaded after import = 15

========================================================================
Received Import Request.
  Time since last request: 2.231389 seconds.
  path: Assets/Chess MEGA-pack/prefabs/pieces/HighPoly/rookHighPoly 3.prefab
  artifactKey: Guid(53634cd0db15f0d4e9a93a5143fa0c16) Importer(815301076,1909f56bfc062723c751e8b465ee728b)
Start importing Assets/Chess MEGA-pack/prefabs/pieces/HighPoly/rookHighPoly 3.prefab using Guid(53634cd0db15f0d4e9a93a5143fa0c16) Importer(815301076,1909f56bfc062723c751e8b465ee728b) (PreviewImporter) -> (artifact id: '815a11593e94ac61c712d886d8356f54') in 0.1048624 seconds
Number of updated asset objects reloaded before import = 0Number of asset objects unloaded after import = 12

========================================================================
Received Import Request.
  Time since last request: 1.702715 seconds.
  path: Assets/Chess MEGA-pack/prefabs/pieces/HighPoly/rookHighPoly 2.prefab
  artifactKey: Guid(06df79f9580dd6044806754a0b964581) Importer(815301076,1909f56bfc062723c751e8b465ee728b)
Start importing Assets/Chess MEGA-pack/prefabs/pieces/HighPoly/rookHighPoly 2.prefab using Guid(06df79f9580dd6044806754a0b964581) Importer(815301076,1909f56bfc062723c751e8b465ee728b) (PreviewImporter) -> (artifact id: '03b60c136fb4748196f19bc14e9a7a7e') in 0.1127061 seconds
Number of updated asset objects reloaded before import = 0Number of asset objects unloaded after import = 14

========================================================================
Received Import Request.
  Time since last request: 22.378592 seconds.
  path: Assets/TutorialInfo/Layout.wlt
  artifactKey: Guid(eabc9546105bf4accac1fd62a63e88e6) Importer(815301076,1909f56bfc062723c751e8b465ee728b)
Start importing Assets/TutorialInfo/Layout.wlt using Guid(eabc9546105bf4accac1fd62a63e88e6) Importer(815301076,1909f56bfc062723c751e8b465ee728b) (PreviewImporter) -> (artifact id: 'f7926b6994d4862df7da56ccd587e180') in 0.0017876 seconds
Number of updated asset objects reloaded before import = 0Number of asset objects unloaded after import = 1

========================================================================
Received Import Request.
  Time since last request: 12.606280 seconds.
  path: Assets/TextMesh Pro/Resources
  artifactKey: Guid(243e06394e614e5d99fab26083b707fa) Importer(815301076,1909f56bfc062723c751e8b465ee728b)
Start importing Assets/TextMesh Pro/Resources using Guid(243e06394e614e5d99fab26083b707fa) Importer(815301076,1909f56bfc062723c751e8b465ee728b) (PreviewImporter) -> (artifact id: 'd53e6cba944eba85e689770a8d90f733') in 0.0009542 seconds
Number of updated asset objects reloaded before import = 0Number of asset objects unloaded after import = 0

========================================================================
Received Import Request.
  Time since last request: 2.407039 seconds.
  path: Assets/TextMesh Pro/Resources/Fonts & Materials
  artifactKey: Guid(731f1baa9d144a9897cb1d341c2092b8) Importer(815301076,1909f56bfc062723c751e8b465ee728b)
Start importing Assets/TextMesh Pro/Resources/Fonts & Materials using Guid(731f1baa9d144a9897cb1d341c2092b8) Importer(815301076,1909f56bfc062723c751e8b465ee728b) (PreviewImporter) -> (artifact id: '36a6318e7a4d4169f59d66ccd3bc2b67') in 0.000809 seconds
Number of updated asset objects reloaded before import = 0Number of asset objects unloaded after import = 0

========================================================================
Received Import Request.
  Time since last request: 2.100565 seconds.
  path: Assets/TextMesh Pro/Resources/Fonts & Materials/LiberationSans SDF - Fallback.asset
  artifactKey: Guid(2e498d1c8094910479dc3e1b768306a4) Importer(815301076,1909f56bfc062723c751e8b465ee728b)
Start importing Assets/TextMesh Pro/Resources/Fonts & Materials/LiberationSans SDF - Fallback.asset using Guid(2e498d1c8094910479dc3e1b768306a4) Importer(815301076,1909f56bfc062723c751e8b465ee728b) (PreviewImporter) -> (artifact id: '1d1267e5bc8a60647a37e21ae8d4045f') in 0.1114918 seconds
Number of updated asset objects reloaded before import = 0Number of asset objects unloaded after import = 6

========================================================================
Received Prepare
Shader Hidden/ProbeVolume/VoxelizeScene is not supported: GPU does not support conservative rasterization
Refreshing native plugins compatible for Editor in 2.11 ms, found 3 plugins.
Preloading 0 native plugins for Editor in 0.00 ms.
Unloading 13 Unused Serialized files (Serialized files now loaded: 0)
Unloading 5955 unused Assets / (4.0 MB). Loaded Objects now: 6886.
Memory consumption went from 149.4 MB to 145.3 MB.
Total: 20.947100 ms (FindLiveObjects: 2.255800 ms CreateObjectMapping: 1.503300 ms MarkObjects: 10.122200 ms  DeleteObjects: 7.063000 ms)

Prepare: number of updated asset objects reloaded= 14
========================================================================
Received Prepare
Begin MonoManager ReloadAssembly
- Loaded All Assemblies, in  1.228 seconds
Refreshing native plugins compatible for Editor in 1.39 ms, found 3 plugins.
Native extension for WindowsStandalone target not found
Native extension for WebGL target not found
Mono: successfully reloaded assembly
- Finished resetting the current domain, in  1.290 seconds
Domain Reload Profiling: 2515ms
	BeginReloadAssembly (351ms)
		ExecutionOrderSort (0ms)
		DisableScriptedObjects (33ms)
		BackupInstance (0ms)
		ReleaseScriptingObjects (0ms)
		CreateAndSetChildDomain (112ms)
	RebuildCommonClasses (54ms)
	RebuildNativeTypeToScriptingClass (21ms)
	initialDomainReloadingComplete (54ms)
	LoadAllAssembliesAndSetupDomain (744ms)
		LoadAssemblies (610ms)
		RebuildTransferFunctionScriptingTraits (0ms)
		AnalyzeDomain (279ms)
			TypeCache.Refresh (13ms)
				TypeCache.ScanAssembly (0ms)
			BuildScriptInfoCaches (245ms)
			ResolveRequiredComponents (16ms)
	FinalizeReload (1291ms)
		ReleaseScriptCaches (0ms)
		RebuildScriptCaches (0ms)
		SetupLoadedEditorAssemblies (956ms)
			LogAssemblyErrors (0ms)
			InitializePlatformSupportModulesInManaged (3ms)
			SetLoadedEditorAssemblies (10ms)
			BeforeProcessingInitializeOnLoad (288ms)
			ProcessInitializeOnLoadAttributes (558ms)
			ProcessInitializeOnLoadMethodAttributes (88ms)
			AfterProcessingInitializeOnLoad (8ms)
			EditorAssembliesLoaded (0ms)
		ExecutionOrderSort2 (0ms)
		AwakeInstancesAfterBackupRestoration (21ms)
Shader Hidden/ProbeVolume/VoxelizeScene is not supported: GPU does not support conservative rasterization
Refreshing native plugins compatible for Editor in 1.40 ms, found 3 plugins.
Preloading 0 native plugins for Editor in 0.00 ms.
Unloading 23 Unused Serialized files (Serialized files now loaded: 0)
Unloading 5961 unused Assets / (4.0 MB). Loaded Objects now: 6762.
Memory consumption went from 157.1 MB to 153.1 MB.
Total: 11.582600 ms (FindLiveObjects: 1.063400 ms CreateObjectMapping: 1.042300 ms MarkObjects: 6.426700 ms  DeleteObjects: 3.049400 ms)

Prepare: number of updated asset objects reloaded= 0
========================================================================
Received Prepare
Begin MonoManager ReloadAssembly
- Loaded All Assemblies, in  1.170 seconds
Refreshing native plugins compatible for Editor in 1.38 ms, found 3 plugins.
Native extension for WindowsStandalone target not found
Native extension for WebGL target not found
Mono: successfully reloaded assembly
- Finished resetting the current domain, in  1.793 seconds
Domain Reload Profiling: 2961ms
	BeginReloadAssembly (308ms)
		ExecutionOrderSort (0ms)
		DisableScriptedObjects (12ms)
		BackupInstance (0ms)
		ReleaseScriptingObjects (0ms)
		CreateAndSetChildDomain (88ms)
	RebuildCommonClasses (53ms)
	RebuildNativeTypeToScriptingClass (19ms)
	initialDomainReloadingComplete (42ms)
	LoadAllAssembliesAndSetupDomain (746ms)
		LoadAssemblies (617ms)
		RebuildTransferFunctionScriptingTraits (0ms)
		AnalyzeDomain (274ms)
			TypeCache.Refresh (15ms)
				TypeCache.ScanAssembly (0ms)
			BuildScriptInfoCaches (238ms)
			ResolveRequiredComponents (16ms)
	FinalizeReload (1795ms)
		ReleaseScriptCaches (0ms)
		RebuildScriptCaches (0ms)
		SetupLoadedEditorAssemblies (1411ms)
			LogAssemblyErrors (0ms)
			InitializePlatformSupportModulesInManaged (6ms)
			SetLoadedEditorAssemblies (16ms)
			BeforeProcessingInitializeOnLoad (381ms)
			ProcessInitializeOnLoadAttributes (869ms)
			ProcessInitializeOnLoadMethodAttributes (129ms)
			AfterProcessingInitializeOnLoad (9ms)
			EditorAssembliesLoaded (0ms)
		ExecutionOrderSort2 (0ms)
		AwakeInstancesAfterBackupRestoration (37ms)
Shader Hidden/ProbeVolume/VoxelizeScene is not supported: GPU does not support conservative rasterization
Refreshing native plugins compatible for Editor in 2.48 ms, found 3 plugins.
Preloading 0 native plugins for Editor in 0.00 ms.
Unloading 13 Unused Serialized files (Serialized files now loaded: 0)
Unloading 5961 unused Assets / (4.1 MB). Loaded Objects now: 6764.
Memory consumption went from 157.3 MB to 153.2 MB.
Total: 18.564100 ms (FindLiveObjects: 0.958700 ms CreateObjectMapping: 0.914900 ms MarkObjects: 11.942700 ms  DeleteObjects: 4.746000 ms)

Prepare: number of updated asset objects reloaded= 0
========================================================================
Received Import Request.
  Time since last request: 119.126862 seconds.
  path: Assets/Chess MEGA-pack/prefabs/pieces/LowPoly1/bishopLowPoly1.prefab
  artifactKey: Guid(0f4c3b74058806044bcc37e88c12f4c7) Importer(815301076,1909f56bfc062723c751e8b465ee728b)
Start importing Assets/Chess MEGA-pack/prefabs/pieces/LowPoly1/bishopLowPoly1.prefab using Guid(0f4c3b74058806044bcc37e88c12f4c7) Importer(815301076,1909f56bfc062723c751e8b465ee728b) (PreviewImporter) -> (artifact id: '513e43a2b9277cc86bd78f41d670c0cb') in 0.8930944 seconds
Number of updated asset objects reloaded before import = 0Number of asset objects unloaded after import = 13

========================================================================
Received Import Request.
  Time since last request: 1.932958 seconds.
  path: Assets/Chess MEGA-pack/prefabs/pieces/LowPoly1/bishopLowPoly1 1.prefab
  artifactKey: Guid(3201fc7e29ad1414eaeeed6d54ddcc7b) Importer(815301076,1909f56bfc062723c751e8b465ee728b)
Start importing Assets/Chess MEGA-pack/prefabs/pieces/LowPoly1/bishopLowPoly1 1.prefab using Guid(3201fc7e29ad1414eaeeed6d54ddcc7b) Importer(815301076,1909f56bfc062723c751e8b465ee728b) (PreviewImporter) -> (artifact id: '68ff1b9c81ad9e138d45127c3b1d017a') in 0.0738973 seconds
Number of updated asset objects reloaded before import = 0Number of asset objects unloaded after import = 15

========================================================================
Received Import Request.
  Time since last request: 0.000043 seconds.
  path: Assets/Chess MEGA-pack/prefabs/pieces/LowPoly1/bishopLowPoly1 3.prefab
  artifactKey: Guid(54d392f9378776a4c8a70f712ea5ade4) Importer(815301076,1909f56bfc062723c751e8b465ee728b)
Start importing Assets/Chess MEGA-pack/prefabs/pieces/LowPoly1/bishopLowPoly1 3.prefab using Guid(54d392f9378776a4c8a70f712ea5ade4) Importer(815301076,1909f56bfc062723c751e8b465ee728b) (PreviewImporter) -> (artifact id: 'f1924017348f494aa8132f7a5d3636b6') in 0.0501408 seconds
Number of updated asset objects reloaded before import = 0Number of asset objects unloaded after import = 12

========================================================================
Received Import Request.
  Time since last request: 0.000048 seconds.
  path: Assets/Chess MEGA-pack/prefabs/pieces/lowPoly2/bishopLowPoly2.prefab
  artifactKey: Guid(42238e3520e92034aa67db7cf1954c93) Importer(815301076,1909f56bfc062723c751e8b465ee728b)
Start importing Assets/Chess MEGA-pack/prefabs/pieces/lowPoly2/bishopLowPoly2.prefab using Guid(42238e3520e92034aa67db7cf1954c93) Importer(815301076,1909f56bfc062723c751e8b465ee728b) (PreviewImporter) -> (artifact id: '03cbeeddf5bcbb1cf196da511042258e') in 0.0687273 seconds
Number of updated asset objects reloaded before import = 0Number of asset objects unloaded after import = 13

========================================================================
Received Import Request.
  Time since last request: 0.262560 seconds.
  path: Assets/Chess MEGA-pack/prefabs/pieces/lowPoly2/bishopLowPoly2 1.prefab
  artifactKey: Guid(48ba15ca552032c4a9223d136df33741) Importer(815301076,1909f56bfc062723c751e8b465ee728b)
Start importing Assets/Chess MEGA-pack/prefabs/pieces/lowPoly2/bishopLowPoly2 1.prefab using Guid(48ba15ca552032c4a9223d136df33741) Importer(815301076,1909f56bfc062723c751e8b465ee728b) (PreviewImporter) -> (artifact id: '71d2a7e0b34df6928c953cec352d1b2c') in 0.0925666 seconds
Number of updated asset objects reloaded before import = 0Number of asset objects unloaded after import = 15

========================================================================
Received Import Request.
  Time since last request: 0.000038 seconds.
  path: Assets/Chess MEGA-pack/prefabs/pieces/lowPoly2/bishopLowPoly2 2.prefab
  artifactKey: Guid(f8a13076378164d4892854da571c6233) Importer(815301076,1909f56bfc062723c751e8b465ee728b)
Start importing Assets/Chess MEGA-pack/prefabs/pieces/lowPoly2/bishopLowPoly2 2.prefab using Guid(f8a13076378164d4892854da571c6233) Importer(815301076,1909f56bfc062723c751e8b465ee728b) (PreviewImporter) -> (artifact id: '63fafc359b86e90d617b257ddcaff522') in 0.065105 seconds
Number of updated asset objects reloaded before import = 0Number of asset objects unloaded after import = 14

========================================================================
Received Import Request.
  Time since last request: 0.000049 seconds.
  path: Assets/Chess MEGA-pack/prefabs/pieces/lowPoly2/bishopLowPoly2 3.prefab
  artifactKey: Guid(552c73c91fc5cca45893468b6067df54) Importer(815301076,1909f56bfc062723c751e8b465ee728b)
Start importing Assets/Chess MEGA-pack/prefabs/pieces/lowPoly2/bishopLowPoly2 3.prefab using Guid(552c73c91fc5cca45893468b6067df54) Importer(815301076,1909f56bfc062723c751e8b465ee728b) (PreviewImporter) -> (artifact id: '2c1b613d1c2df42ebaad5b54611986dc') in 0.0496816 seconds
Number of updated asset objects reloaded before import = 0Number of asset objects unloaded after import = 12

